// Vitest Snapshot v1, https://vitest.dev/guide/snapshot.html

exports[`chat interaction with a custom tool rendering UI > custom tool gen ui - final state 1`] = `
"> What time is it?
▼  Custom tool: get_current_time
 ╭─────────────────────────────────────────────────────────────────────────────────────────────────╮
 │╭───────────────────────────────────────────────────────────────────────────────────────────────╮│
 ││ Current Time: 12:00:00                                                                        ││
 │╰───────────────────────────────────────────────────────────────────────────────────────────────╯│
 ╰─────────────────────────────────────────────────────────────────────────────────────────────────╯
▼
 ╭─────────────────────────────────────────────────────────────────────────────────────────────────╮
 │OK, I got the time.                                                                              │
 ╰─────────────────────────────────────────────────────────────────────────────────────────────────╯

╭──────────────────────────────────────────────────────────────────────────────────────────────────╮
│ >                                                                                                │
╰──────────────────────────────────────────────────────────────────────────────────────────────────╯
  / for commands                                                    alt + ⏎ for newline ·40 tokens"
`;

exports[`chat interaction with a custom tool rendering UI > custom tool gen ui - initial 1`] = `
"
╭──────────────────────────────────────────────────────────────────────────────────────────────────╮
│ >                                                                                                │
╰──────────────────────────────────────────────────────────────────────────────────────────────────╯
  / for commands                                                     alt + ⏎ for newline ·0 tokens"
`;
