// Vitest Snapshot v1, https://vitest.dev/guide/snapshot.html

exports[`multi-turn conversation maintains context correctly > multi-turn - final state 1`] = `
"▼
 ╭─────────────────────────────────────────────────────────────────────────────────────────────────╮
 │Hi there!                                                                                        │
 ╰─────────────────────────────────────────────────────────────────────────────────────────────────╯
> How are you?
▼
 ╭─────────────────────────────────────────────────────────────────────────────────────────────────╮
 │I am an AI, I have no feelings.                                                                  │
 ╰─────────────────────────────────────────────────────────────────────────────────────────────────╯
> Tell me a joke.
▼
 ╭─────────────────────────────────────────────────────────────────────────────────────────────────╮
 │Why don't scientists trust atoms? Because they make up everything!                               │
 ╰─────────────────────────────────────────────────────────────────────────────────────────────────╯

╭──────────────────────────────────────────────────────────────────────────────────────────────────╮
│ >                                                                                                │
╰──────────────────────────────────────────────────────────────────────────────────────────────────╯
  / for commands                                                    alt + ⏎ for newline ·20 tokens"
`;
