// Vitest Snapshot v1, https://vitest.dev/guide/snapshot.html

exports[`long streaming response renders incrementally and completely > long stream - final state 1`] = `
"> Tell me a long story
▼
 ╭─────────────────────────────────────────────────────────────────────────────────────────────────╮
 │Chunk 1. Chunk 2. Chunk 3. Chunk 4. Chunk 5. Chunk 6. Chunk 7. Chunk 8. Chunk 9. Chunk 10. Chunk │
 │11. Chunk 12. Chunk 13. Chunk 14. Chunk 15. Chunk 16. Chunk 17. Chunk 18. Chunk 19. Chunk 20.    │
 │Chunk 21. Chunk 22. Chunk 23. Chunk 24. Chunk 25. Chunk 26. Chunk 27. Chunk 28. Chunk 29. Chunk  │
 │30.                                                                                              │
 ╰─────────────────────────────────────────────────────────────────────────────────────────────────╯

╭──────────────────────────────────────────────────────────────────────────────────────────────────╮
│ >                                                                                                │
╰──────────────────────────────────────────────────────────────────────────────────────────────────╯
  / for commands                                                    alt + ⏎ for newline ·35 tokens"
`;
